
  [37;44m INFO [39;49m Starting server on 127.0.0.1:8080.  

PHP Fatal error:  Maximum execution time of 300 seconds exceeded in C:\Users\USER\Downloads\Compressed\jorsastech.com\jorsastech.com\vendor\react\event-loop\src\StreamSelectLoop.php on line 304

  [41;1m Symfony\Component\ErrorHandler\Error\FatalError [49;22m

[39;1m  Maximum execution time of 300 seconds exceeded[39;22m

  at [32mvendor\react\event-loop\src\StreamSelectLoop.php[39m:[32m304[39m
    300▕                 return ($previous !== null) ? \call_user_func_array($previous, \func_get_args()) : false;
    301▕             });
    302▕ 
    303▕             try {
  ➜ 304▕                 $ret = \stream_select($read, $write, $except, $timeout === null ? null : 0, $timeout);
    305▕                 \restore_error_handler();
    306▕             } catch (\Throwable $e) { // @codeCoverageIgnoreStart
    307▕                 \restore_error_handler();
    308▕                 throw $e;


  [41;1m Whoops\Exception\ErrorException [49;22m

[39;1m  Maximum execution time of 300 seconds exceeded[39;22m

  at [32mvendor\react\event-loop\src\StreamSelectLoop.php[39m:[32m304[39m
    300▕                 return ($previous !== null) ? \call_user_func_array($previous, \func_get_args()) : false;
    301▕             });
    302▕ 
    303▕             try {
  ➜ 304▕                 $ret = \stream_select($read, $write, $except, $timeout === null ? null : 0, $timeout);
    305▕                 \restore_error_handler();
    306▕             } catch (\Throwable $e) { // @codeCoverageIgnoreStart
    307▕                 \restore_error_handler();
    308▕                 throw $e;

  [33m1   [39m[39;1mvendor\filp\whoops\src\Whoops\Run.php[39;22m:[39;1m520[39;22m
  [90m    Whoops\Run::handleError("Maximum execution time of 300 seconds exceeded", "C:\Users\USER\Downloads\Compressed\jorsastech.com\jorsastech.com\vendor\react\event-loop\src\StreamSelectLoop.php")[39m

  [33m2   [39m[39;1m[internal][39;22m:[39;1m0[39;22m
  [90m    Whoops\Run::handleShutdown()[39m

